// Jest Snapshot v1, https://goo.gl/fbAQLP

exports[`NotFoundPage route component renders the UI as expected 1`] = `
<section
  className="Section NotFoundPage"
>
  <img
    alt="startled"
    src="undraw_startled.svg"
  />
  <h2>
    404 - Page not found
  </h2>
  <p>
    Try going back to your previous page.
  </p>
</section>
`;
