// Jest Snapshot v1, https://goo.gl/fbAQLP

exports[`LoginPage route component renders the UI as expected 1`] = `
<div
  className="LoginPage"
>
  <div
    className="login-box"
  >
    <h2>
      Welcome back to Everest International Education
    </h2>
    <p>
      If you aleady have an account, please sign in below
    </p>
    <form
      className="LoginForm"
      onSubmit={[Function]}
    >
      <div
        role="alert"
      />
      <fieldset
        required={true}
      >
        <legend
          htmlFor="account-type"
        >
          I am a:
        </legend>
        <label
          htmlFor="teacher"
        >
          Teacher
        </label>
        <input
          id="teacher"
          name="account-type"
          onChange={[Function]}
          type="radio"
          value="teacher"
        />
        <label
          htmlFor="school"
        >
          School
        </label>
        <input
          id="school"
          name="account-type"
          onChange={[Function]}
          type="radio"
          value="school"
        />
        <label
          htmlFor="admin"
        >
          Admin
        </label>
        <input
          id="admin"
          name="account-type"
          onChange={[Function]}
          type="radio"
          value="admin"
        />
      </fieldset>
      <div
        className="username"
      >
        <label
          htmlFor="username"
        >
          Username
        </label>
        <input
          autoComplete="new-password"
          id="username"
          name="username"
          required={true}
          type="username"
        />
      </div>
      <div
        className="password"
      >
        <label
          htmlFor="password"
        >
          Password
        </label>
        <input
          autoComplete="new-password"
          id="password"
          name="password"
          required={true}
          type="password"
        />
      </div>
      <button
        type="submit"
      >
        Submit
      </button>
    </form>
  </div>
</div>
`;
